// Vitest Snapshot v1

exports[`checks darkTheme's snapshot 1`] = `
{
  "palette": {
    "common": {
      "black": "#0f1b2c",
      "white": "#f2f2f2",
    },
    "mode": "dark",
    "primary": {
      "contrastText": "#0f1b2c",
      "dark": "#a3a6b2",
      "light": "#edf1ff",
      "main": "#e9eeff",
    },
    "secondary": {
      "contrastText": "#0f1b2c",
      "dark": "#00706d",
      "light": "#33b3b0",
      "main": "#00a19d",
    },
  },
  "shape": {
    "borderRadius": 8,
  },
  "typography": {
    "allVariants": {
      "color": "#e9eeff",
      "fontFamily": "Poppins, sans-serif",
    },
  },
}
`;
